// Jest Snapshot v1, https://goo.gl/fbAQLP

exports[`RecipeDuration Component renders correctly 1`] = `
<DocumentFragment>
  <div
    class="MuiStack-root css-1apgyqu-MuiStack-root"
  >
    <svg
      aria-hidden="true"
      class="MuiSvgIcon-root MuiSvgIcon-fontSizeMedium css-i4bv87-MuiSvgIcon-root"
      data-testid="clock-icon"
      focusable="false"
      viewBox="0 0 24 24"
    >
      <path
        d="M11.99 2C6.47 2 2 6.48 2 12s4.47 10 9.99 10C17.52 22 22 17.52 22 12S17.52 2 11.99 2m3.3 14.71L11 12.41V7h2v4.59l3.71 3.71z"
      />
    </svg>
    <time
      class="MuiTypography-root MuiTypography-Emphasis/E12 css-37jdci-MuiTypography-root"
      datetime="PT60M"
    >
      1h
    </time>
  </div>
</DocumentFragment>
`;
